Copyright 1986-2022 Xilinx, Inc. All Rights Reserved. Copyright 2022-2024 Advanced Micro Devices, Inc. All Rights Reserved.
---------------------------------------------------------------------------------------------------------------------------------------------
| Tool Version : Vivado v.2024.1 (win64) Build 5076996 Wed May 22 18:37:14 MDT 2024
| Date         : Fri Jun 13 09:46:31 2025
| Host         : Jeppe2024 running 64-bit major release  (build 9200)
| Command      : report_control_sets -verbose -file Top_control_sets_placed.rpt
| Design       : Top
| Device       : xc7a35t
---------------------------------------------------------------------------------------------------------------------------------------------

Control Set Information

Table of Contents
-----------------
1. Summary
2. Histogram
3. Flip-Flop Distribution
4. Detailed Control Set Information

1. Summary
----------

+----------------------------------------------------------+-------+
|                          Status                          | Count |
+----------------------------------------------------------+-------+
| Total control sets                                       |    17 |
|    Minimum number of control sets                        |    17 |
|    Addition due to synthesis replication                 |     0 |
|    Addition due to physical synthesis replication        |     0 |
| Unused register locations in slices containing registers |    55 |
+----------------------------------------------------------+-------+
* Control sets can be merged at opt_design using control_set_merge or merge_equivalent_drivers
** Run report_qor_suggestions for automated merging and remapping suggestions


2. Histogram
------------

+--------------------+-------+
|       Fanout       | Count |
+--------------------+-------+
| Total control sets |    17 |
| >= 0 to < 4        |     0 |
| >= 4 to < 6        |     3 |
| >= 6 to < 8        |     2 |
| >= 8 to < 10       |     0 |
| >= 10 to < 12      |     2 |
| >= 12 to < 14      |     3 |
| >= 14 to < 16      |     1 |
| >= 16              |     6 |
+--------------------+-------+
* Control sets can be remapped at either synth_design or opt_design


3. Flip-Flop Distribution
-------------------------

+--------------+-----------------------+------------------------+-----------------+--------------+
| Clock Enable | Synchronous Set/Reset | Asynchronous Set/Reset | Total Registers | Total Slices |
+--------------+-----------------------+------------------------+-----------------+--------------+
| No           | No                    | No                     |             139 |           61 |
| No           | No                    | Yes                    |               0 |            0 |
| No           | Yes                   | No                     |             114 |           47 |
| Yes          | No                    | No                     |               0 |            0 |
| Yes          | No                    | Yes                    |               0 |            0 |
| Yes          | Yes                   | No                     |             108 |           39 |
+--------------+-----------------------+------------------------+-----------------+--------------+


4. Detailed Control Set Information
-----------------------------------

+------------------+-------------------------------------------------+---------------------------------------------------------------+------------------+----------------+--------------+
|   Clock Signal   |                  Enable Signal                  |                        Set/Reset Signal                       | Slice Load Count | Bel Load Count | Bels / Slice |
+------------------+-------------------------------------------------+---------------------------------------------------------------+------------------+----------------+--------------+
|  clock_IBUF_BUFG | gameTop/gameLogic/sprite3YReg[8]_i_1_n_0        | gameTop/graphicEngineVGA/graphicEngineVGA_reset               |                2 |              4 |         2.00 |
|  clock_IBUF_BUFG | gameTop/gameLogic/sprite3YReg                   | gameTop/gameLogic/sprite3XReg[10]_i_1_n_0                     |                3 |              5 |         1.67 |
|  clock_IBUF_BUFG | gameTop/debounceSampleEn                        | gameTop/gameTop_reset                                         |                3 |              5 |         1.67 |
|  clock_IBUF_BUFG |                                                 | gameTop/graphicEngineVGA/backBufferMemory/ramsSpWf/p_0_out[6] |                4 |              6 |         1.50 |
|  clock_IBUF_BUFG | gameTop/gameLogic/sprite3XReg                   | gameTop/gameLogic/sprite3XReg[10]_i_1_n_0                     |                3 |              7 |         2.33 |
|  clock_IBUF_BUFG | gameTop/graphicEngineVGA/CounterYReg[4]_i_1_n_0 | gameTop/graphicEngineVGA/graphicEngineVGA_reset               |                3 |             10 |         3.33 |
|  clock_IBUF_BUFG | gameTop/graphicEngineVGA/CounterXReg[9]_i_1_n_0 | gameTop/graphicEngineVGA/graphicEngineVGA_reset               |                4 |             10 |         2.50 |
|  clock_IBUF_BUFG |                                                 | gameTop/graphicEngineVGA/io_vgaRed_REG[3]_i_1_n_0             |                6 |             12 |         2.00 |
|  clock_IBUF_BUFG | gameTop/graphicEngineVGA/_T_7                   | gameTop/graphicEngineVGA/clear                                |                3 |             12 |         4.00 |
|  clock_IBUF_BUFG | gameTop/graphicEngineVGA/restoreEnabled         | gameTop/graphicEngineVGA/graphicEngineVGA_reset               |                3 |             12 |         4.00 |
|  clock_IBUF_BUFG |                                                 | gameTop/gameTop_reset                                         |                7 |             15 |         2.14 |
|  clock_IBUF_BUFG |                                                 | gameTop/graphicEngineVGA/frameClockCount[0]_i_1_n_0           |                6 |             21 |         3.50 |
|  clock_IBUF_BUFG |                                                 | gameTop/debounceCounter[0]_i_1_n_0                            |                6 |             21 |         3.50 |
|  clock_IBUF_BUFG | gameTop/graphicEngineVGA/CounterYReg_reg[1]_0   | gameTop/graphicEngineVGA/graphicEngineVGA_reset               |                9 |             21 |         2.33 |
|  clock_IBUF_BUFG | gameTop/graphicEngineVGA/graphicEngineVGA_reset | gameTop/gameTop_reset                                         |                6 |             22 |         3.67 |
|  clock_IBUF_BUFG |                                                 | gameTop/graphicEngineVGA/graphicEngineVGA_reset               |               18 |             39 |         2.17 |
|  clock_IBUF_BUFG |                                                 |                                                               |               61 |            142 |         2.33 |
+------------------+-------------------------------------------------+---------------------------------------------------------------+------------------+----------------+--------------+


