#-----------------------------------------------------------
# Vivado v2024.1 (64-bit)
# SW Build 5076996 on Wed May 22 18:37:14 MDT 2024
# IP Build 5075265 on Wed May 22 21:45:21 MDT 2024
# SharedData Build 5076995 on Wed May 22 18:29:18 MDT 2024
# Start of session at: Tue Jun 24 12:51:15 2025
# Process ID: 47476
# Current directory: C:/DTU-local/Repos/02113DigitalSystemsDesign/vivado/Basys3Game/Basys3Game.runs/synth_1
# Command line: vivado.exe -log Top.vds -product Vivado -mode batch -messageDb vivado.pb -notrace -source Top.tcl
# Log file: C:/DTU-local/Repos/02113DigitalSystemsDesign/vivado/Basys3Game/Basys3Game.runs/synth_1/Top.vds
# Journal file: C:/DTU-local/Repos/02113DigitalSystemsDesign/vivado/Basys3Game/Basys3Game.runs/synth_1\vivado.jou
# Running On        :Jeppe2024
# Platform          :Windows Server 2016 or Windows 10
# Operating System  :26100
# Processor Detail  :13th Gen Intel(R) Core(TM) i7-13700H
# CPU Frequency     :2918 MHz
# CPU Physical cores:14
# CPU Logical cores :20
# Host memory       :34014 MB
# Swap memory       :2147 MB
# Total Virtual     :36162 MB
# Available Virtual :7117 MB
#-----------------------------------------------------------
source Top.tcl -notrace
